// Jest Snapshot v1, https://goo.gl/fbAQLP

exports[`Calculator snapshot Calculator snapshot should match dom 1`] = `[Function]`;
