// Jest Snapshot v1, https://goo.gl/fbAQLP

exports[`Home snapshot Home snapshot should match dom 1`] = `[Function]`;
