// Jest Snapshot v1, https://goo.gl/fbAQLP

exports[`Quote snapshot Quote snapshot should match dom 1`] = `[Function]`;
